# name: test_parse_lean_algebra_fixture
  list([
    'structure:CategoryTheory.Monad.Algebra',
    'structure:CategoryTheory.Monad.Algebra.Hom',
    'def:CategoryTheory.Monad.Algebra.Hom.id',
    'def:CategoryTheory.Monad.Algebra.Hom.comp',
    "theorem:CategoryTheory.Monad.Algebra.Hom.ext'",
    'theorem:CategoryTheory.Monad.Algebra.comp_eq_comp',
    'theorem:CategoryTheory.Monad.Algebra.id_eq_id',
    'theorem:CategoryTheory.Monad.Algebra.id_f',
    'theorem:CategoryTheory.Monad.Algebra.comp_f',
    'def:CategoryTheory.Monad.Algebra.isoMk',
    'def:CategoryTheory.Monad.forget',
    'def:CategoryTheory.Monad.free',
    'def:CategoryTheory.Monad.adj',
    'theorem:CategoryTheory.Monad.algebra_iso_of_iso',
    'theorem:CategoryTheory.Monad.algebra_epi_of_epi',
    'theorem:CategoryTheory.Monad.algebra_mono_of_mono',
    'theorem:CategoryTheory.Monad.leftAdjoint_forget',
    'theorem:CategoryTheory.Monad.ofRightAdjoint_forget',
    'def:CategoryTheory.Monad.algebraFunctorOfMonadHom',
    'def:CategoryTheory.Monad.algebraFunctorOfMonadHomId',
    'def:CategoryTheory.Monad.algebraFunctorOfMonadHomComp',
    'def:CategoryTheory.Monad.algebraFunctorOfMonadHomEq',
    'def:CategoryTheory.Monad.algebraEquivOfIsoMonads',
    'theorem:CategoryTheory.Monad.algebra_equiv_of_iso_monads_comp_forget',
    'structure:CategoryTheory.Comonad.Coalgebra',
    'structure:CategoryTheory.Comonad.Coalgebra.Hom',
    'def:CategoryTheory.Comonad.Coalgebra.Hom.id',
    'def:CategoryTheory.Comonad.Coalgebra.Hom.comp',
    "theorem:CategoryTheory.Comonad.Coalgebra.Hom.ext'",
    'theorem:CategoryTheory.Comonad.Coalgebra.comp_eq_comp',
    'theorem:CategoryTheory.Comonad.Coalgebra.id_eq_id',
    'theorem:CategoryTheory.Comonad.Coalgebra.id_f',
    'theorem:CategoryTheory.Comonad.Coalgebra.comp_f',
    'def:CategoryTheory.Comonad.Coalgebra.isoMk',
    'def:CategoryTheory.Comonad.forget',
    'def:CategoryTheory.Comonad.cofree',
    'def:CategoryTheory.Comonad.adj',
    'theorem:CategoryTheory.Comonad.coalgebra_iso_of_iso',
    'theorem:CategoryTheory.Comonad.algebra_epi_of_epi',
    'theorem:CategoryTheory.Comonad.algebra_mono_of_mono',
    'theorem:CategoryTheory.Comonad.rightAdjoint_forget',
    'theorem:CategoryTheory.Comonad.ofLeftAdjoint_forget',
  ])
# ---
# name: test_parse_lean_cont_mdiff_fixture
  list([
    'def:ContDiffWithinAtProp',
    'theorem:contDiffWithinAtProp_self_source',
    'theorem:contDiffWithinAtProp_self',
    'theorem:contDiffWithinAtProp_self_target',
    'theorem:contDiffWithinAt_localInvariantProp',
    'theorem:contDiffWithinAtProp_mono_of_mem',
    'theorem:contDiffWithinAtProp_id',
    'def:ContMDiffWithinAt',
    'def:SmoothWithinAt',
    'def:ContMDiffAt',
    'theorem:contMDiffAt_iff',
    'def:SmoothAt',
    'def:ContMDiffOn',
    'def:SmoothOn',
    'def:ContMDiff',
    'def:Smooth',
    'theorem:ContMDiffWithinAt.of_le',
    'theorem:ContMDiffAt.of_le',
    'theorem:ContMDiffOn.of_le',
    'theorem:ContMDiff.of_le',
    'theorem:ContMDiff.smooth',
    'theorem:Smooth.contMDiff',
    'theorem:ContMDiffOn.smoothOn',
    'theorem:SmoothOn.contMDiffOn',
    'theorem:ContMDiffAt.smoothAt',
    'theorem:SmoothAt.contMDiffAt',
    'theorem:ContMDiffWithinAt.smoothWithinAt',
    'theorem:SmoothWithinAt.contMDiffWithinAt',
    'theorem:ContMDiff.contMDiffAt',
    'theorem:Smooth.smoothAt',
    'theorem:contMDiffWithinAt_univ',
    'theorem:smoothWithinAt_univ',
    'theorem:contMDiffOn_univ',
    'theorem:smoothOn_univ',
    'theorem:contMDiffWithinAt_iff',
    "theorem:contMDiffWithinAt_iff'",
    'theorem:contMDiffWithinAt_iff_target',
    'theorem:smoothWithinAt_iff',
    'theorem:smoothWithinAt_iff_target',
    'theorem:contMDiffAt_iff_target',
    'theorem:smoothAt_iff_target',
    'theorem:contMDiffWithinAt_iff_of_mem_maximalAtlas',
    'theorem:contMDiffWithinAt_iff_image',
    'theorem:contMDiffWithinAt_iff_of_mem_source',
    "theorem:contMDiffWithinAt_iff_of_mem_source'",
    'theorem:contMDiffAt_iff_of_mem_source',
    'theorem:contMDiffWithinAt_iff_target_of_mem_source',
    'theorem:contMDiffAt_iff_target_of_mem_source',
    'theorem:contMDiffWithinAt_iff_source_of_mem_maximalAtlas',
    'theorem:contMDiffWithinAt_iff_source_of_mem_source',
    'theorem:contMDiffAt_iff_source_of_mem_source',
    'theorem:contMDiffOn_iff_of_mem_maximalAtlas',
    "theorem:contMDiffOn_iff_of_mem_maximalAtlas'",
    'theorem:contMDiffOn_iff_of_subset_source',
    "theorem:contMDiffOn_iff_of_subset_source'",
    'theorem:contMDiffOn_iff',
    'theorem:contMDiffOn_iff_target',
    'theorem:smoothOn_iff',
    'theorem:smoothOn_iff_target',
    'theorem:contMDiff_iff',
    'theorem:contMDiff_iff_target',
    'theorem:smooth_iff',
    'theorem:smooth_iff_target',
    'theorem:ContMDiffWithinAt.of_succ',
    'theorem:ContMDiffAt.of_succ',
    'theorem:ContMDiffOn.of_succ',
    'theorem:ContMDiff.of_succ',
    'theorem:ContMDiffWithinAt.continuousWithinAt',
    'theorem:ContMDiffAt.continuousAt',
    'theorem:ContMDiffOn.continuousOn',
    'theorem:ContMDiff.continuous',
    'theorem:contMDiffWithinAt_top',
    'theorem:contMDiffAt_top',
    'theorem:contMDiffOn_top',
    'theorem:contMDiff_top',
    'theorem:contMDiffWithinAt_iff_nat',
    'theorem:ContMDiffWithinAt.mono_of_mem',
    'theorem:ContMDiffWithinAt.mono',
    'theorem:contMDiffWithinAt_congr_nhds',
    'theorem:contMDiffWithinAt_insert_self',
    'theorem:ContMDiffWithinAt.insert',
    'theorem:ContMDiffAt.contMDiffWithinAt',
    'theorem:SmoothAt.smoothWithinAt',
    'theorem:ContMDiffOn.mono',
    'theorem:ContMDiff.contMDiffOn',
    'theorem:Smooth.smoothOn',
    "theorem:contMDiffWithinAt_inter'",
    'theorem:contMDiffWithinAt_inter',
    'theorem:ContMDiffWithinAt.contMDiffAt',
    'theorem:SmoothWithinAt.smoothAt',
    'theorem:ContMDiffOn.contMDiffAt',
    'theorem:SmoothOn.smoothAt',
    'theorem:contMDiffOn_iff_source_of_mem_maximalAtlas',
    'theorem:contMDiffWithinAt_iff_contMDiffOn_nhds',
    'theorem:contMDiffAt_iff_contMDiffOn_nhds',
    'theorem:contMDiffAt_iff_contMDiffAt_nhds',
    'theorem:ContMDiffWithinAt.congr',
    'theorem:contMDiffWithinAt_congr',
    'theorem:ContMDiffWithinAt.congr_of_eventuallyEq',
    'theorem:Filter.EventuallyEq.contMDiffWithinAt_iff',
    'theorem:ContMDiffAt.congr_of_eventuallyEq',
    'theorem:Filter.EventuallyEq.contMDiffAt_iff',
    'theorem:ContMDiffOn.congr',
    'theorem:contMDiffOn_congr',
    'theorem:contMDiffOn_of_locally_contMDiffOn',
    'theorem:contMDiff_of_locally_contMDiffOn',
    'theorem:ContMDiffWithinAt.comp',
    'theorem:ContMDiffWithinAt.comp_of_eq',
    'theorem:ContMDiffOn.comp',
    "theorem:ContMDiffOn.comp'",
    'theorem:ContMDiff.comp',
    "theorem:ContMDiffWithinAt.comp'",
    'theorem:ContMDiffAt.comp_contMDiffWithinAt',
    'theorem:SmoothAt.comp_smoothWithinAt',
    'theorem:ContMDiffAt.comp_of_eq',
    'theorem:ContMDiff.comp_contMDiffOn',
    'theorem:Smooth.comp_smoothOn',
    'theorem:ContMDiffOn.comp_contMDiff',
    'theorem:SmoothOn.comp_smooth',
    'theorem:contMDiff_model',
    'theorem:contMDiffOn_model_symm',
    'theorem:contMDiffOn_of_mem_maximalAtlas',
    'theorem:contMDiffOn_symm_of_mem_maximalAtlas',
    'theorem:contMDiffAt_of_mem_maximalAtlas',
    'theorem:contMDiffAt_symm_of_mem_maximalAtlas',
    'theorem:contMDiffOn_chart',
    'theorem:contMDiffOn_chart_symm',
    'theorem:contMDiffAt_extend',
    "theorem:contMDiffAt_extChartAt'",
    'theorem:contMDiffAt_extChartAt',
    'theorem:contMDiffOn_extChartAt',
    'theorem:contMDiffOn_extend_symm',
    'theorem:contMDiffOn_extChartAt_symm',
    'theorem:contMDiffOn_of_mem_contDiffGroupoid',
    'theorem:contMDiff_id',
    'theorem:smooth_id',
    'theorem:contMDiffOn_id',
    'theorem:smoothOn_id',
    'theorem:contMDiffAt_id',
    'theorem:smoothAt_id',
    'theorem:contMDiffWithinAt_id',
    'theorem:smoothWithinAt_id',
    'theorem:contMDiff_const',
    'theorem:contMDiff_one',
    'theorem:smooth_const',
    'theorem:smooth_one',
    'theorem:contMDiffOn_const',
    'theorem:contMDiffOn_one',
    'theorem:smoothOn_const',
    'theorem:smoothOn_one',
    'theorem:contMDiffAt_const',
    'theorem:contMDiffAt_one',
    'theorem:smoothAt_const',
    'theorem:smoothAt_one',
    'theorem:contMDiffWithinAt_const',
    'theorem:contMDiffWithinAt_one',
    'theorem:smoothWithinAt_const',
    'theorem:smoothWithinAt_one',
    'theorem:contMDiff_of_support',
    'theorem:contMDiff_inclusion',
    'theorem:smooth_inclusion',
    'theorem:contMDiffWithinAt_iff_contDiffWithinAt',
    'theorem:contMDiffAt_iff_contDiffAt',
    'theorem:contMDiffOn_iff_contDiffOn',
    'theorem:contMDiff_iff_contDiff',
    'theorem:ContDiffWithinAt.comp_contMDiffWithinAt',
    'theorem:ContDiffAt.comp_contMDiffWithinAt',
    'theorem:ContDiffAt.comp_contMDiffAt',
    'theorem:ContDiff.comp_contMDiffWithinAt',
    'theorem:ContDiff.comp_contMDiffAt',
    'theorem:ContDiff.comp_contMDiff',
    'theorem:ContMDiffWithinAt.prod_mk',
    'theorem:ContMDiffWithinAt.prod_mk_space',
    'theorem:ContMDiffOn.prod_mk',
    'theorem:ContMDiffOn.prod_mk_space',
    'theorem:ContMDiff.prod_mk_space',
    'theorem:contMDiffWithinAt_fst',
    'theorem:ContMDiffWithinAt.fst',
    'theorem:contMDiffAt_fst',
    'theorem:contMDiffOn_fst',
    'theorem:contMDiff_fst',
    'theorem:smoothWithinAt_fst',
    'theorem:smoothAt_fst',
    'theorem:smoothOn_fst',
    'theorem:smooth_fst',
    'theorem:ContMDiffAt.fst',
    'theorem:ContMDiff.fst',
    'theorem:SmoothAt.fst',
    'theorem:Smooth.fst',
    'theorem:contMDiffWithinAt_snd',
    'theorem:ContMDiffWithinAt.snd',
    'theorem:contMDiffAt_snd',
    'theorem:contMDiffOn_snd',
    'theorem:contMDiff_snd',
    'theorem:smoothWithinAt_snd',
    'theorem:smoothAt_snd',
    'theorem:smoothOn_snd',
    'theorem:smooth_snd',
    'theorem:ContMDiffAt.snd',
    'theorem:ContMDiff.snd',
    'theorem:SmoothAt.snd',
    'theorem:Smooth.snd',
    'theorem:contMDiffWithinAt_prod_iff',
    'theorem:contMDiffAt_prod_iff',
    'theorem:contMDiff_prod_iff',
    'theorem:smoothAt_prod_iff',
    'theorem:smooth_prod_iff',
    'theorem:smooth_prod_assoc',
    "theorem:ContMDiffWithinAt.prod_map'",
    'theorem:ContMDiffWithinAt.prod_map',
    'theorem:ContMDiffAt.prod_map',
    "theorem:ContMDiffAt.prod_map'",
    'theorem:ContMDiffOn.prod_map',
    'theorem:ContMDiff.prod_map',
    'theorem:contMDiffWithinAt_pi_space',
    'theorem:contMDiffOn_pi_space',
    'theorem:contMDiffAt_pi_space',
    'theorem:contMDiff_pi_space',
    'theorem:smoothWithinAt_pi_space',
    'theorem:smoothOn_pi_space',
    'theorem:smoothAt_pi_space',
    'theorem:smooth_pi_space',
    'theorem:ContinuousLinearMap.contMDiff',
    'theorem:ContinuousLinearMap.contMDiffAt',
    'theorem:ContinuousLinearMap.contMDiffWithinAt',
    'theorem:ContinuousLinearMap.contMDiffOn',
    'theorem:ContinuousLinearMap.smooth',
    'theorem:ContMDiffWithinAt.clm_comp',
    'theorem:ContMDiffAt.clm_comp',
    'theorem:ContMDiffOn.clm_comp',
    'theorem:ContMDiff.clm_comp',
    'theorem:ContMDiffWithinAt.clm_apply',
    'theorem:ContMDiffOn.clm_apply',
    'theorem:ContMDiff.clm_apply',
    'theorem:ContMDiffWithinAt.clm_precomp',
    'theorem:ContMDiffOn.clm_precomp',
    'theorem:ContMDiff.clm_precomp',
    'theorem:ContMDiffWithinAt.clm_postcomp',
    'theorem:ContMDiff.clm_postcomp',
    'theorem:ContMDiffWithinAt.cle_arrowCongr',
    'theorem:ContMDiffOn.cle_arrowCongr',
    'theorem:ContMDiff.cle_arrowCongr',
    'theorem:ContMDiffWithinAt.clm_prodMap',
    'theorem:ContMDiffOn.clm_prodMap',
    'theorem:ContMDiff.clm_prodMap',
    'theorem:smooth_smul',
    'theorem:ContMDiffWithinAt.smul',
    'theorem:ContMDiffOn.smul',
    'theorem:ContMDiff.smul',
    'theorem:isLocalStructomorphOn_contDiffGroupoid_iff_aux',
    'theorem:isLocalStructomorphOn_contDiffGroupoid_iff',
  ])
# ---
# name: test_parse_lean_ess_sup_fixture
  list([
    'def:essSup',
    'def:essInf',
    'theorem:essSup_congr_ae',
    'theorem:essInf_congr_ae',
    "theorem:essSup_const'",
    "theorem:essInf_const'",
    'theorem:essSup_const',
    'theorem:essInf_const',
    'theorem:essSup_eq_sInf',
    'theorem:essInf_eq_sSup',
    'theorem:ae_lt_of_essSup_lt',
    'theorem:ae_lt_of_lt_essInf',
    'theorem:ae_le_essSup',
    'theorem:ae_essInf_le',
    'theorem:meas_essSup_lt',
    'theorem:meas_lt_essInf',
    'theorem:essSup_measure_zero',
    'theorem:essInf_measure_zero',
    'theorem:essSup_mono_ae',
    'theorem:essInf_mono_ae',
    'theorem:essSup_le_of_ae_le',
    'theorem:le_essInf_of_ae_le',
    'theorem:essSup_const_bot',
    'theorem:essInf_const_top',
    'theorem:OrderIso.essSup_apply',
    'theorem:OrderIso.essInf_apply',
    'theorem:essSup_mono_measure',
    "theorem:essSup_mono_measure'",
    'theorem:essInf_antitone_measure',
    'theorem:essSup_smul_measure',
    'theorem:essSup_comp_le_essSup_map_measure',
    'theorem:MeasurableEmbedding.essSup_map_measure',
    'theorem:essSup_map_measure_of_measurable',
    'theorem:essSup_map_measure',
    'theorem:essSup_indicator_eq_essSup_restrict',
    'theorem:ENNReal.ae_le_essSup',
    'theorem:ENNReal.essSup_eq_zero_iff',
    'theorem:ENNReal.essSup_const_mul',
    'theorem:ENNReal.essSup_mul_le',
    'theorem:ENNReal.essSup_add_le',
    'theorem:ENNReal.essSup_liminf_le',
    'theorem:ENNReal.coe_essSup',
  ])
# ---
# name: test_parse_lean_fermat4_fixture
  list([
    'def:Fermat42',
    'theorem:Fermat42.comm',
    'theorem:Fermat42.mul',
    'theorem:Fermat42.ne_zero',
    'def:Fermat42.Minimal',
    'theorem:Fermat42.exists_minimal',
    'theorem:Fermat42.coprime_of_minimal',
    'theorem:Fermat42.minimal_comm',
    'theorem:Fermat42.neg_of_minimal',
    'theorem:Fermat42.exists_odd_minimal',
    'theorem:Fermat42.exists_pos_odd_minimal',
    'theorem:Int.coprime_of_sq_sum',
    "theorem:Int.coprime_of_sq_sum'",
    'theorem:Fermat42.not_minimal',
    'theorem:not_fermat_42',
    'theorem:fermatLastTheoremFour',
  ])
# ---
# name: test_parse_lean_filtered_colimits_fixture
  list([
    'theorem:GroupCat.FilteredColimits.G.mk_eq',
    'def:GroupCat.FilteredColimits.colimitInvAux',
    'theorem:GroupCat.FilteredColimits.colimitInvAux_eq_of_rel',
    'theorem:GroupCat.FilteredColimits.colimit_inv_mk_eq',
    'def:GroupCat.FilteredColimits.colimitCoconeIsColimit',
    'def:CommGroupCat.FilteredColimits.colimitCoconeIsColimit',
  ])
# ---
# name: test_parse_lean_to_additive_fixture
  list([
    'def:endCapitalNames',
    'def:ToAdditive.findTranslation?',
    'def:ToAdditive.insertTranslation',
    'structure:ToAdditive.Config',
    'def:ToAdditive.additiveTest',
    'def:List.swapFirstTwo',
    'def:ToAdditive.changeNumeral',
    'def:ToAdditive.applyReplacementFun',
    'def:ToAdditive.etaExpandN',
    'def:ToAdditive.expand',
    'def:ToAdditive.reorderForall',
    'def:ToAdditive.reorderLambda',
    'def:ToAdditive.updateDecl',
    'def:ToAdditive.findTargetName',
    'def:ToAdditive.findAuxDecls',
    'def:ToAdditive.copyInstanceAttribute',
    'def:ToAdditive.warnExt',
    'def:ToAdditive.warnAttr',
    'def:ToAdditive.warnParametricAttr',
    'def:ToAdditive.additivizeLemmas',
    'def:ToAdditive.firstMultiplicativeArg',
    'def:ToAdditive.capitalizeLike',
    'def:ToAdditive.capitalizeFirstLike',
    'def:ToAdditive.nameDict',
    'def:ToAdditive.applyNameDict',
    'def:ToAdditive.fixAbbreviation',
    'def:ToAdditive.guessName',
    'def:ToAdditive.targetName',
    'def:ToAdditive.proceedFieldsAux',
    'def:ToAdditive.proceedFields',
    'def:ToAdditive.elabToAdditive',
  ])
# ---
